0d1n  blackarch-webapp
0trace  blackarch-scanner
3proxy  blackarch-proxy
3proxy-win32  blackarch-windows
42zip  blackarch-dos
a2sv  blackarch-scanner
abcd  blackarch-disassembler
acccheck  blackarch-cracker
ace  blackarch-voip
ad-ldap-enum  blackarch-recon
adfind  blackarch-webapp
admid-pack  blackarch-spoof
adminpagefinder  blackarch-webapp
admsnmp  blackarch-scanner
aesfix  blackarch-cracker
aeskeyfind  blackarch-cracker
aespipe  blackarch-crypto
aesshell  blackarch-backdoor
afflib  blackarch-forensic
afl  blackarch-fuzzer
afpfs-ng  blackarch-networking
agafi  blackarch-windows
against  blackarch-cracker
aggroargs  blackarch-exploitation
aiengine  blackarch-networking
aimage  blackarch-forensic
air  blackarch-forensic
aircrack-ng  blackarch-wireless
airflood  blackarch-wireless
airgeddon  blackarch-wireless
airgraph-ng  blackarch-misc
airoscript  blackarch-wireless
airpwn  blackarch-wireless
ajpfuzzer  blackarch-fuzzer
albatar  blackarch-webapp
allthevhosts  blackarch-scanner
altdns  blackarch-recon
amass  blackarch-scanner
amber  blackarch-binary
amoco  blackarch-binary
analyzepesig  blackarch-windows
androbugs  blackarch-mobile
androguard  blackarch-binary
androick  blackarch-mobile
android-apktool  blackarch-reversing
android-ndk  blackarch-mobile
android-sdk  blackarch-mobile
android-udev-rules  blackarch-mobile
androidpincrack  blackarch-mobile
androidsniffer  blackarch-mobile
androwarn  blackarch-mobile
angr  blackarch-binary
angr-management  blackarch-binary
angr-py2  blackarch-binary
angrop  blackarch-exploitation
anontwi  blackarch-social
anti-xss  blackarch-webapp
antiransom  blackarch-windows
apache-users  blackarch-scanner
apacket  blackarch-networking
aphopper  blackarch-wireless
api-dnsdumpster  blackarch-recon
apkid  blackarch-mobile
apkstat  blackarch-mobile
apkstudio  blackarch-reversing
apnbf  blackarch-wireless
appmon  blackarch-mobile
apt2  blackarch-automation
aquatone  blackarch-recon
arachni  blackarch-webapp
aranea  blackarch-spoof
arduino  blackarch-hardware
argon2  blackarch-crypto
argus  blackarch-networking
argus-clients  blackarch-networking
armitage  blackarch-exploitation
armor  blackarch-exploitation
armscgen  blackarch-exploitation
arp-scan  blackarch-networking
arpalert  blackarch-networking
arpoison  blackarch-exploitation
arpon  blackarch-defensive
arpstraw  blackarch-defensive
arptools  blackarch-networking
arpwner  blackarch-networking
artillery  blackarch-defensive
artlas  blackarch-defensive
arybo  blackarch-misc
asleap  blackarch-cracker
asp-audit  blackarch-fingerprint
astra  blackarch-webapp
atear  blackarch-wireless
atftp  blackarch-networking
athena-ssl-scanner  blackarch-scanner
atscan  blackarch-scanner
atstaketools  blackarch-windows
auto-xor-decryptor  blackarch-crypto
automato  blackarch-automation
autonessus  blackarch-automation
autonse  blackarch-automation
autopsy  blackarch-forensic
autopwn  blackarch-automation
autosint  blackarch-recon
autosploit  blackarch-exploitation
autovpn  blackarch-automation
avet  blackarch-binary
aws-extender-cli  blackarch-scanner
aws-inventory  blackarch-recon
awsbucketdump  blackarch-automation
azazel  blackarch-backdoor
aztarna  blackarch-recon
backcookie  blackarch-backdoor
backdoor-apk  blackarch-mobile
backdoor-factory  blackarch-backdoor
backdoorme  blackarch-backdoor
backdoorppt  blackarch-backdoor
backfuzz  blackarch-fuzzer
backhack  blackarch-mobile
backorifice  blackarch-windows
bad-pdf  blackarch-exploitation
badkarma  blackarch-recon
balbuzard  blackarch-malware
bamf-framework  blackarch-malware
bandicoot  blackarch-mobile
barf  blackarch-binary
barmie  blackarch-scanner
base64dump  blackarch-misc
basedomainname  blackarch-recon
bashfuscator  blackarch-automation
batctl  blackarch-wireless
batman-adv  blackarch-wireless
batman-alfred  blackarch-wireless
bbqsql  blackarch-webapp
bbscan  blackarch-webapp
bdfproxy  blackarch-proxy
bdlogparser  blackarch-malware
bed  blackarch-exploitation
beebug  blackarch-decompiler
beef  blackarch-exploitation
beeswarm  blackarch-honeypot
beholder  blackarch-wireless
belati  blackarch-scanner
beleth  blackarch-cracker
bettercap  blackarch-sniffer
bfac  blackarch-recon
bfbtester  blackarch-exploitation
bfuzz  blackarch-fuzzer
bgp-md5crack  blackarch-cracker
bgrep  blackarch-binary
billcipher  blackarch-recon
binaryninja-demo  blackarch-reversing
binaryninja-python  blackarch-binary
bind-tools  blackarch-networking
bindead  blackarch-binary
bindiff  blackarch-binary
binex  blackarch-exploitation
binflow  blackarch-binary
bing-ip2hosts  blackarch-recon
bing-lfi-rfi  blackarch-webapp
bingoo  blackarch-scanner
binnavi  blackarch-disassembler
binproxy  blackarch-proxy
binwalk  blackarch-disassembler
binwally  blackarch-binary
bios_memimage  blackarch-cracker
birp  blackarch-scanner
bitdump  blackarch-exploitation
bittwist  blackarch-sniffer
bkhive  blackarch-cracker
blackbox-scanner  blackarch-scanner
blackeye  blackarch-social
blackhash  blackarch-cracker
blacknurse  blackarch-dos
bleah  blackarch-scanner
bletchley  blackarch-crypto
blind-sql-bitshifting  blackarch-exploitation
blindelephant  blackarch-fingerprint
blindsql  blackarch-database
blindy  blackarch-scanner
blisqy  blackarch-webapp
bloodhound  blackarch-recon
bluebox-ng  blackarch-voip
bluebugger  blackarch-bluetooth
bluediving  blackarch-bluetooth
bluelog  blackarch-bluetooth
bluepot  blackarch-bluetooth
blueprint  blackarch-bluetooth
blueranger  blackarch-automation
bluescan  blackarch-bluetooth
bluesnarfer  blackarch-bluetooth
bluphish  blackarch-bluetooth
bluto  blackarch-scanner
bmap-tools  blackarch-forensic
bob-the-butcher  blackarch-cracker
bof-detector  blackarch-code-audit
bokken  blackarch-misc
bonesi  blackarch-dos
boopsuite  blackarch-wireless
bowcaster  blackarch-exploitation
box-js  blackarch-malware
braa  blackarch-scanner
braces  blackarch-bluetooth
brakeman  blackarch-code-audit
bro  blackarch-networking
bro-aux  blackarch-networking
brosec  blackarch-exploitation
browselist  blackarch-windows
browser-fuzzer  blackarch-fuzzer
brut3k1t  blackarch-cracker
brute12  blackarch-windows
bruteforce-wallet  blackarch-cracker
brutespray  blackarch-automation
brutessh  blackarch-cracker
brutex  blackarch-automation
brutexss  blackarch-webapp
brutus  blackarch-windows
bsdiff  blackarch-reversing
bsqlbf  blackarch-webapp
bsqlinjector  blackarch-webapp
bss  blackarch-bluetooth
bt_audit  blackarch-bluetooth
btcrack  blackarch-bluetooth
btlejack  blackarch-bluetooth
btproxy-mitm  blackarch-bluetooth
btscanner  blackarch-bluetooth
bulk-extractor  blackarch-forensic
bully  blackarch-wireless
bunny  blackarch-fuzzer
burpsuite  blackarch-fuzzer
buttinsky  blackarch-networking
bvi  blackarch-binary
bypass-firewall-dns-history  blackarch-networking
bytecode-viewer  blackarch-binary
c5scan  blackarch-webapp
cachedump  blackarch-windows
cadaver  blackarch-networking
cameradar  blackarch-scanner
camscan  blackarch-scanner
canari  blackarch-forensic
cangibrina  blackarch-scanner
cansina  blackarch-webapp
cantoolz  blackarch-automobile
capfuzz  blackarch-sniffer
capstone  blackarch-reversing
captipper  blackarch-forensic
carwhisperer  blackarch-bluetooth
casefile  blackarch-forensic
catnthecanary  blackarch-recon
catphish  blackarch-social
cdpsnarf  blackarch-sniffer
cecster  blackarch-scanner
centry  blackarch-misc
certgraph  blackarch-recon
cewl  blackarch-automation
cflow  blackarch-code-audit
cfr  blackarch-decompiler
chameleonmini  blackarch-social
changeme  blackarch-scanner
chankro  blackarch-webapp
chaosmap  blackarch-forensic
chaosreader  blackarch-networking
chapcrack  blackarch-cracker
check-weak-dh-ssh  blackarch-scanner
checkiban  blackarch-misc
checkpwd  blackarch-cracker
checksec  blackarch-automation
chiasm-shell  blackarch-disassembler
chipsec  blackarch-hardware
chiron  blackarch-scanner
chisel  blackarch-tunnel
chkrootkit  blackarch-defensive
chntpw  blackarch-forensic
chopshop  blackarch-networking
choronzon  blackarch-fuzzer
chownat  blackarch-tunnel
chrome-decode  blackarch-windows
chromefreak  blackarch-forensic
chromensics  blackarch-windows
chw00t  blackarch-exploitation
cidr2range  blackarch-networking
cintruder  blackarch-cracker
cipherscan  blackarch-scanner
ciphertest  blackarch-crypto
ciphr  blackarch-crypto
cirt-fuzzer  blackarch-fuzzer
cisco-auditing-tool  blackarch-cracker
cisco-global-exploiter  blackarch-exploitation
cisco-ocs  blackarch-cracker
cisco-router-config  blackarch-misc
cisco-scanner  blackarch-cracker
cisco-snmp-enumeration  blackarch-automation
cisco-snmp-slap  blackarch-spoof
cisco-torch  blackarch-exploitation
cisco5crack  blackarch-cracker
cisco7crack  blackarch-cracker
ciscos  blackarch-scanner
cjexploiter  blackarch-webapp
clair  blackarch-scanner
clamscanlogparser  blackarch-malware
climber  blackarch-scanner
cloakify  blackarch-misc
cloudfail  blackarch-recon
cloudflare-enum  blackarch-scanner
cloudget  blackarch-webapp
cloudsploit  blackarch-scanner
clusterd  blackarch-automation
cminer  blackarch-binary
cmospwd  blackarch-cracker
cms-explorer  blackarch-fingerprint
cms-few  blackarch-webapp
cmseek  blackarch-webapp
cmsfuzz  blackarch-webapp
cmsmap  blackarch-scanner
cnamulator  blackarch-mobile
cntlm  blackarch-proxy
codetective  blackarch-crypto
comission  blackarch-webapp
commix  blackarch-webapp
complemento  blackarch-fingerprint
configpush  blackarch-scanner
conpot  blackarch-honeypot
conscan  blackarch-fuzzer
cookie-cadger  blackarch-fuzzer
corkscrew  blackarch-tunnel
corstest  blackarch-scanner
cowpatty  blackarch-wireless
cpfinder  blackarch-scanner
cppcheck  blackarch-code-audit
cpptest  blackarch-code-audit
cr3dov3r  blackarch-recon
crackhor  blackarch-cracker
crackle  blackarch-cracker
crackmapexec  blackarch-scanner
crackq  blackarch-cracker
crackserver  blackarch-cracker
crawlic  blackarch-webapp
creak  blackarch-networking
create_ap  blackarch-wireless
creddump  blackarch-cracker
credmap  blackarch-misc
creds  blackarch-sniffer
creepy  blackarch-scanner
cribdrag  blackarch-crypto
crlf-injector  blackarch-fuzzer
crosstool-ng  blackarch-misc
crowbar  blackarch-cracker
crozono  blackarch-drone
crunch  blackarch-automation
crypthook  blackarch-crypto
cryptohazemultiforcer blackarch-cracker
cryptonark  blackarch-crypto
csrftester  blackarch-webapp
ct-exposer  blackarch-scanner
ctunnel  blackarch-tunnel
cuckoo  blackarch-malware
cudahashcat blackarch-cracker
cupp  blackarch-cracker
cutycapt  blackarch-recon
cvechecker  blackarch-scanner
cybercrowl  blackarch-webapp
cyberscan  blackarch-networking
cymothoa  blackarch-backdoor
d-tect  blackarch-scanner
dagon  blackarch-crypto
damm  blackarch-malware
daredevil  blackarch-crypto
dark-dork-searcher  blackarch-windows
darkbing  blackarch-scanner
darkd0rk3r  blackarch-exploitation
darkjumper  blackarch-webapp
darkmysqli  blackarch-exploitation
darkspiritz  blackarch-exploitation
darkstat  blackarch-sniffer
dartspylru  blackarch-misc
datasploit  blackarch-recon
davoset  blackarch-dos
davscan  blackarch-webapp
davtest  blackarch-scanner
dawnscanner  blackarch-webapp
dbd  blackarch-misc
dbpwaudit  blackarch-cracker
dbusmap  blackarch-scanner
dc3dd  blackarch-forensic
dcfldd  blackarch-forensic
dcrawl  blackarch-scanner
ddrescue  blackarch-forensic
deathstar  blackarch-automation
debinject  blackarch-backdoor
deblaze  blackarch-scanner
decodify  blackarch-crypto
deen  blackarch-crypto
delldrac  blackarch-scanner
delorean  blackarch-exploitation
depant  blackarch-cracker
depdep  blackarch-networking
det  blackarch-networking
detect-it-easy  blackarch-binary
detect-sniffer  blackarch-defensive
detectem  blackarch-fingerprint
device-pharmer  blackarch-cracker
dex2jar  blackarch-hardware
dexpatcher  blackarch-mobile
dff-scanner  blackarch-webapp
dga-detection  blackarch-recon
dhcdrop  blackarch-misc
dhcpf  blackarch-fingerprint
dhcpig  blackarch-scanner
dhcpoptinj  blackarch-networking
didier-stevens-suite 
dinouml  blackarch-networking
dirb  blackarch-scanner
dirbuster  blackarch-scanner
dirbuster-ng  blackarch-webapp
directorytraversalscan  blackarch-windows
dirhunt  blackarch-webapp
dirscanner  blackarch-scanner
dirsearch  blackarch-webapp
disitool  blackarch-forensic
dislocker  blackarch-crypto
dissector  blackarch-binary
distorm  blackarch-disassembler
dizzy  blackarch-fuzzer
dkmc  blackarch-exploitation
dmitry  blackarch-scanner
dnmap  blackarch-scanner
dns-parallel-prober  blackarch-recon
dns-reverse-proxy  blackarch-proxy
dns-spoof  blackarch-spoof
dns2geoip  blackarch-scanner
dns2tcp  blackarch-tunnel
dnsa  blackarch-scanner
dnsbf  blackarch-scanner
dnsbrute  blackarch-recon
dnschef  blackarch-proxy
dnsdiag  blackarch-networking
dnsdrdos  blackarch-dos
dnsenum  blackarch-recon
dnsfilexfer  blackarch-networking
dnsgoblin  blackarch-scanner
dnsgrep  blackarch-recon
dnsmap  blackarch-fingerprint
dnspredict  blackarch-scanner
dnsrecon  blackarch-recon
dnssearch  blackarch-recon
dnsspider  blackarch-recon
dnsteal  blackarch-networking
dnstracer  blackarch-recon
dnstwist  blackarch-scanner
dnswalk  blackarch-recon
dockerscan  blackarch-scanner
domain-analyzer  blackarch-recon
domain-stats  blackarch-recon
domi-owned  blackarch-webapp
doona  blackarch-fuzzer
doork  blackarch-webapp
doozer  blackarch-cracker
dorkbot  blackarch-scanner
dorkme  blackarch-scanner
dorknet  blackarch-webapp
dotdotpwn  blackarch-exploitation
dpeparser  blackarch-cracker
dpscan  blackarch-scanner
dr-checker  blackarch-exploitation
dr0p1t-framework  blackarch-backdoor
dracnmap  blackarch-automation
dradis  blackarch-recon
dradis-ce  blackarch-recon
dragon-backdoor  blackarch-backdoor
driftnet  blackarch-scanner
drinkme  blackarch-exploitation
dripcap  blackarch-networking
dripper  blackarch-scanner
droopescan  blackarch-webapp
drozer  blackarch-mobile
drupal-module-enum  blackarch-webapp
drupalscan  blackarch-webapp
drupwn  blackarch-webapp
dscanner  blackarch-code-audit
dsd  blackarch-misc
dsfs  blackarch-webapp
dsjs  blackarch-webapp
dsniff  blackarch-sniffer
dsss  blackarch-webapp
dsxs  blackarch-webapp
dtp-spoof  blackarch-networking
dumb0  blackarch-automation
dump1090  blackarch-networking
dumpacl  blackarch-windows
dumpusers  blackarch-windows
dumpzilla  blackarch-forensic
dutas  blackarch-binary
dvcs-ripper  blackarch-scanner
eapeak  blackarch-wireless
eaphammer  blackarch-wireless
eapmd5pass  blackarch-cracker
easy-creds  blackarch-automation
easyda  blackarch-automation
easyfuzzer  blackarch-fuzzer
eazy  blackarch-scanner
ecfs  blackarch-binary
edb  blackarch-debugger
eggshell  blackarch-backdoor
eigrp-tools  blackarch-sniffer
eindeutig  blackarch-forensic
elettra  blackarch-misc
elettra-gui  blackarch-misc
elfkickers  blackarch-binary
elfparser  blackarch-binary
elidecode  blackarch-reversing
elite-proxy-finder  blackarch-proxy
emldump  blackarch-forensic
empire  blackarch-automation
enabler  blackarch-cracker
encodeshellcode  blackarch-exploitation
ent  blackarch-misc
enteletaor  blackarch-exploitation
enum-shares  blackarch-scanner
enum4linux  blackarch-recon
enumerid  blackarch-recon
enumiax  blackarch-scanner
enyelkm  blackarch-backdoor
epicwebhoneypot  blackarch-webapp
erase-registrations  blackarch-voip
eraser  blackarch-windows
eresi  blackarch-binary
eternal-scanner  blackarch-scanner
etherape  blackarch-networking
etherchange  blackarch-windows
etherflood  blackarch-windows
ettercap  blackarch-sniffer
evil-ssdp  blackarch-spoof
evilginx  blackarch-social
evilgrade  blackarch-misc
evilize  blackarch-cracker
evilmaid  blackarch-cracker
evtkit  blackarch-forensic
exabgp  blackarch-networking
exe2image  blackarch-backdoor
exescan  blackarch-binary
exitmap  blackarch-recon
exiv2  blackarch-forensic
expimp-lookup  blackarch-binary
exploit-db  blackarch-exploitation
exploitpack  blackarch-exploitation
expose  blackarch-binary
exrex  blackarch-misc
extracthosts  blackarch-misc
extundelete  blackarch-forensic
eyepwn  blackarch-exploitation
eyewitness  blackarch-webapp
f-scrack  blackarch-cracker
facebot  blackarch-recon
facebrok  blackarch-social
facebrute  blackarch-cracker
factordb-pycli  blackarch-crypto
fakeap  blackarch-honeypot
fakedns  blackarch-proxy
fakemail  blackarch-misc
fakenet-ng  blackarch-malware
fakenetbios  blackarch-spoof
fang  blackarch-cracker
faraday  blackarch-scanner
fastnetmon  blackarch-defensive
fbht  blackarch-webapp
fbid  blackarch-recon
fcrackzip  blackarch-cracker
featherduster  blackarch-crypto
fern-wifi-cracker  blackarch-cracker
fernflower  blackarch-decompiler
fernmelder  blackarch-scanner
fgscanner  blackarch-scanner
fhttp  blackarch-webapp
fi6s  blackarch-scanner
fierce  blackarch-scanner
fiked  blackarch-honeypot
filebuster  blackarch-webapp
filefuzz  blackarch-windows
fileintel  blackarch-malware
filibuster  blackarch-networking
fimap  blackarch-exploitation
find-dns  blackarch-scanner
findmyhash  blackarch-crypto
findmyiphone  blackarch-mobile
findsploit  blackarch-automation
firecat  blackarch-networking
firefox-security-toolkit  blackarch-misc
firewalk  blackarch-fuzzer
firmwalker  blackarch-firmware
firmware-mod-kit  blackarch-firmware
firstexecution  blackarch-exploitation
firstorder  blackarch-sniffer
fl0p  blackarch-fingerprint
flamerobin  blackarch-database
flare  blackarch-misc
flare-floss  blackarch-malware
flashlight  blackarch-recon
flashscanner  blackarch-scanner
flasm  blackarch-reversing
flawfinder  blackarch-code-audit
flowinspect  blackarch-networking
flunym0us  blackarch-scanner
fluxion  blackarch-social
flyr  blackarch-fuzzer
forager  blackarch-recon
foremost  blackarch-forensic
foresight  blackarch-crypto
forkingportscanner  blackarch-scanner
formatstringexploiter  blackarch-exploitation
fpdns  blackarch-fingerprint
fping  blackarch-networking
fport  blackarch-windows
fprotlogparser  blackarch-malware
fraud-bridge  blackarch-tunnel
freeipmi  blackarch-networking
freeradius  blackarch-wireless
freewifi  blackarch-wireless
frida  blackarch-reversing
frida-extract  blackarch-reversing
fridump  blackarch-forensic
frisbeelite  blackarch-fuzzer
fs-exploit  blackarch-exploitation
fs-nyarl  blackarch-scanner
fsnoop  blackarch-scanner
fssb  blackarch-defensive
fstealer  blackarch-automation
ftester  blackarch-fuzzer
ftp-fuzz  blackarch-fuzzer
ftp-scanner  blackarch-cracker
ftp-spider  blackarch-scanner
ftpmap  blackarch-fingerprint
ftpscout  blackarch-scanner
fuddly  blackarch-fuzzer
fusil  blackarch-fuzzer
fuxploider  blackarch-webapp
fuzzap  blackarch-wireless
fuzzball2  blackarch-fuzzer
fuzzdb  blackarch-fuzzer
fuzzdiff  blackarch-fuzzer
fuzztalk  blackarch-windows
g72x++  blackarch-wireless
galleta  blackarch-forensic
gasmask  blackarch-recon
gatecrasher  blackarch-recon
gcat  blackarch-malware
gcrypt  blackarch-crypto
gdb  blackarch-debugger
gdbgui  blackarch-debugger
gef  blackarch-debugger
genlist  blackarch-misc
geoedge  blackarch-recon
geoip  blackarch-networking
geoipgen  blackarch-misc
gerix-wifi-cracker  blackarch-wireless
gethsploit  blackarch-scanner
getsids  blackarch-database
getsploit  blackarch-exploitation
gggooglescan  blackarch-scanner
ghettotooth  blackarch-bluetooth
ghidra  blackarch-reversing
ghost-phisher  blackarch-scanner
ghost-py  blackarch-webapp
giskismet  blackarch-wireless
gitem  blackarch-recon
githack  blackarch-recon
githubcloner  blackarch-misc
gitleaks  blackarch-recon
gitmails  blackarch-recon
gitminer  blackarch-recon
gitrob  blackarch-scanner
gittools  blackarch-webapp
gloom  blackarch-scanner
glue  blackarch-automation
gnuradio  blackarch-wireless
gnutls2  blackarch-crypto
gobd  blackarch-backdoor
gobuster  blackarch-webapp
goddi  blackarch-recon
goldeneye  blackarch-dos
golismero  blackarch-webapp
goodork  blackarch-recon
goofile  blackarch-recon
goog-mail  blackarch-recon
google-explorer  blackarch-automation
googlesub  blackarch-recon
goohak  blackarch-recon
gooscan  blackarch-automation
gopherus  blackarch-webapp
gophish  blackarch-social
gosint  blackarch-recon
gplist  blackarch-windows
gpredict  blackarch-radio
gps-sdr-sim  blackarch-radio
gqrx  blackarch-wireless
gr-air-modes  blackarch-radio
gr-gsm  blackarch-radio
gr-paint  blackarch-radio
grabbb  blackarch-scanner
grabber  blackarch-webapp
grabing  blackarch-recon
grabitall  blackarch-windows
graudit  blackarch-code-audit
greenbone-security-assistant  blackarch-scanner
grepforrfi  blackarch-scanner
grokevt  blackarch-forensic
grr  blackarch-fuzzer
gsd  blackarch-windows
gtalk-decode  blackarch-windows
gtp-scan  blackarch-scanner
guymager  blackarch-forensic
gwcheck  blackarch-networking
gwtenum  blackarch-recon
h2spec  blackarch-misc
h8mail  blackarch-recon
habu  blackarch-scanner
hackersh  blackarch-automation
hackredis  blackarch-exploitation
hackrf  blackarch-radio
haka  blackarch-networking
hakku  blackarch-scanner
halberd  blackarch-scanner
halcyon  blackarch-recon
hamster  blackarch-exploitation
handle  blackarch-windows
harness  blackarch-backdoor
hasere  blackarch-recon
hash-buster  blackarch-crypto
hash-extender  blackarch-crypto
hashcat  blackarch-cracker
hashcat-utils  blackarch-misc
hashdb  blackarch-crypto
hashdeep  blackarch-crypto
hasher  blackarch-cracker
hashfind  blackarch-crypto
hashid  blackarch-crypto
hashpump  blackarch-crypto
hashtag  blackarch-cracker
hatcloud  blackarch-recon
hate-crack  blackarch-automation
haystack  blackarch-binary
hbad  blackarch-scanner
hcraft  blackarch-exploitation
hcxtools  blackarch-wireless
hdcp-genkey  blackarch-crypto
hdmi-sniff  blackarch-hardware
heartbleed-honeypot  blackarch-honeypot
heartleech  blackarch-exploitation
hemingway  blackarch-social
hercules-payload  blackarch-binary
hex2bin  blackarch-binary
hexinject  blackarch-sniffer
hexorbase  blackarch-fuzzer
hexyl  blackarch-misc
hharp  blackarch-networking
hidattack  blackarch-bluetooth
hiddeneye  blackarch-social
hlextend  blackarch-crypto
hodor  blackarch-fuzzer
honeyd  blackarch-honeypot
honeypy  blackarch-honeypot
honggfuzz  blackarch-fuzzer
honssh  blackarch-honeypot
hookanalyser  blackarch-windows
hoover  blackarch-wireless
hoper  blackarch-recon
hoppy  blackarch-scanner
host-extract  blackarch-scanner
hostapd-wpe  blackarch-wireless
hostbox-ssh  blackarch-cracker
hotpatch  blackarch-backdoor
hotspotter  blackarch-wireless
howmanypeoplearearound  blackarch-recon
hpfeeds  blackarch-honeypot
hping  blackarch-networking
hqlmap  blackarch-exploitation
hsecscan  blackarch-scanner
htcap  blackarch-webapp
htexploit  blackarch-exploitation
htpwdscan  blackarch-cracker
htrosbif  blackarch-fingerprint
htshells  blackarch-exploitation
http-enum  blackarch-scanner
http-fuzz  blackarch-fuzzer
http-put  blackarch-misc
http-traceroute  blackarch-networking
httpbog  blackarch-windows
httpforge  blackarch-webapp
httping  blackarch-networking
httppwnly  blackarch-webapp
httprecon  blackarch-windows
httprint  blackarch-fingerprint
httprint-win32  blackarch-windows
httpry  blackarch-sniffer
httpscreenshot  blackarch-misc
httpsniff  blackarch-sniffer
httpsscanner  blackarch-scanner
httptunnel  blackarch-tunnel
httrack  blackarch-misc
hubbit-sniffer  blackarch-sniffer
hulk  blackarch-dos
hungry-interceptor  blackarch-sniffer
hwk  blackarch-dos
hyde  blackarch-networking
hydra  blackarch-cracker
hyenae  blackarch-networking
hyperfox  blackarch-networking
hyperion-crypter  blackarch-windows
iaxflood  blackarch-dos
iaxscan  blackarch-scanner
ibrute  blackarch-cracker
icloudbrutter  blackarch-cracker
icmpquery  blackarch-scanner
icmpsh  blackarch-backdoor
icmptx  blackarch-tunnel
id-entify  blackarch-recon
idb  blackarch-mobile
idswakeup  blackarch-recon
ifchk  blackarch-defensive
ifuzz  blackarch-fuzzer
iheartxor  blackarch-cracker
iis-shortname-scanner  blackarch-scanner
iisbruteforcer  blackarch-cracker
ike-scan  blackarch-scanner
ikecrack  blackarch-cracker
ikeprobe  blackarch-windows
ikeprober  blackarch-fuzzer
ilo4-toolbox  blackarch-scanner
ilty  blackarch-voip
imagegrep  blackarch-misc
imagejs  blackarch-binary
imagemounter  blackarch-forensic
inception  blackarch-exploitation
indxparse  blackarch-forensic
inetsim  blackarch-defensive
infip  blackarch-scanner
infoga  blackarch-recon
inguma  blackarch-cracker
inquisitor  blackarch-recon
insanity  blackarch-exploitation
instashell  blackarch-cracker
intercepter-ng  blackarch-windows
interlace  blackarch-networking
interrogate  blackarch-forensic
intersect  blackarch-automation
intrace  blackarch-recon
inundator  blackarch-spoof
inurlbr  blackarch-scanner
inviteflood  blackarch-dos
inzider  blackarch-windows
iodine  blackarch-tunnel
iosforensic  blackarch-forensic
ip-https-tools  blackarch-tunnel
ip-tracer  blackarch-recon
ip2clue  blackarch-recon
ipaudit  blackarch-networking
ipba2  blackarch-forensic
ipdecap  blackarch-networking
iphoneanalyzer  blackarch-forensic
ipmipwn  blackarch-cracker
ipmitool  blackarch-networking
ipobfuscator  blackarch-misc
ipscan  blackarch-scanner
iptodomain  blackarch-recon
iptv  blackarch-scanner
iputils  blackarch-networking
ipv4bypass  blackarch-networking
ipv6toolkit  blackarch-scanner
ircsnapshot  blackarch-recon
irpas  blackarch-exploitation
isf  blackarch-exploitation
isip  blackarch-voip
isme  blackarch-voip
isr-form  blackarch-recon
issniff  blackarch-sniffer
ivre  blackarch-recon
ivre-docs  blackarch-recon
ivre-web  blackarch-recon
jaadas  blackarch-scanner
jad  blackarch-reversing
jadx  blackarch-decompiler
jaidam  blackarch-webapp
javasnoop  blackarch-reversing
jboss-autopwn  blackarch-exploitation
jbrofuzz  blackarch-fuzzer
jbrute  blackarch-cracker
jcrack  blackarch-wireless
jd-gui  blackarch-decompiler
jeangrey  blackarch-cracker
jeb-android  blackarch-reversing
jeb-arm  blackarch-reversing
jeb-intel  blackarch-reversing
jeb-mips  blackarch-reversing
jeb-webasm  blackarch-reversing
jexboss  blackarch-webapp
jhead  blackarch-defensive
jnetmap  blackarch-networking
john  blackarch-cracker
johnny  blackarch-cracker
jok3r  blackarch-webapp
jomplug  blackarch-webapp
jooforce  blackarch-webapp
joomlascan  blackarch-webapp
joomlavs  blackarch-webapp
joomscan  blackarch-webapp
jpegdump  blackarch-binary
jpexs-decompiler  blackarch-decompiler
jshell  blackarch-webapp
jsql-injection  blackarch-webapp
jstillery  blackarch-webapp
juicy-potato  blackarch-windows
junkie  blackarch-sniffer
jwscan  blackarch-reversing
jwt-cracker  blackarch-cracker
jynx2  blackarch-backdoor
kacak  blackarch-recon
kadimus  blackarch-webapp
kalibrate-rtl  blackarch-mobile
katana  blackarch-exploitation
katsnoop  blackarch-sniffer
kautilya  blackarch-hardware
keimpx  blackarch-cracker
kekeo  blackarch-windows
kerbcrack  blackarch-windows
kernelpop  blackarch-exploitation
khc  blackarch-cracker
kickthemout  blackarch-networking
killcast  blackarch-exploitation
killerbee  blackarch-exploitation
kimi  blackarch-backdoor
kippo  blackarch-honeypot
kismet  blackarch-wireless
kismet-earth  blackarch-wireless
kismet2earth  blackarch-wireless
kismon  blackarch-wireless
kitty-framework  blackarch-fuzzer
klogger  blackarch-windows
knock  blackarch-scanner
knxmap  blackarch-scanner
koadic  blackarch-automation
kolkata  blackarch-webapp
kraken  blackarch-crypto
kube-hunter  blackarch-scanner
l0l  blackarch-exploitation
laf  blackarch-scanner
lanmap2  blackarch-recon
lans  blackarch-spoof
latd  blackarch-networking
laudanum  blackarch-misc
lazagne  blackarch-forensic
lazydroid  blackarch-mobile
lbd  blackarch-recon
lbmap  blackarch-fingerprint
ld-shatner  blackarch-backdoor
ldap-brute  blackarch-cracker
ldapenum  blackarch-recon
ldapscripts  blackarch-automation
leaklooker  blackarch-scanner
leena  blackarch-binary
leo  blackarch-misc
leroy-jenkins  blackarch-exploitation
letmefuckit-scanner  blackarch-scanner
leviathan  blackarch-scanner
levye  blackarch-cracker
lfi-autopwn  blackarch-exploitation
lfi-exploiter  blackarch-webapp
lfi-fuzzploit  blackarch-webapp
lfi-image-helper  blackarch-webapp
lfi-scanner  blackarch-scanner
lfi-sploiter  blackarch-webapp
lfifreak  blackarch-webapp
lfimap  blackarch-webapp
lfisuite  blackarch-scanner
lfle  blackarch-forensic
lft  blackarch-recon
lhf  blackarch-recon
libbde  blackarch-crypto
libdisasm  blackarch-disassembler
libosmocore  blackarch-radio
libpst  blackarch-misc
lief  blackarch-disassembler
liffy  blackarch-webapp
lightbulb  blackarch-webapp
limeaide  blackarch-forensic
linenum  blackarch-scanner
linikatz  blackarch-automation
linset  blackarch-automation
linux-exploit-suggester  blackarch-recon
linux-exploit-suggester.sh  blackarch-recon
lisa.py  blackarch-exploitation
list-urls  blackarch-webapp
littleblackbox  blackarch-scanner
lldb  blackarch-debugger
loadlibrary  blackarch-binary
locasploit  blackarch-scanner
lodowep  blackarch-cracker
logkeys  blackarch-keylogger
loic  blackarch-networking
lolbas  blackarch-windows
loot  blackarch-recon
lorcon  blackarch-wireless
lorg  blackarch-defensive
lotophagi  blackarch-scanner
lsrtunnel  blackarch-spoof
lte-cell-scanner  blackarch-scanner
luksipc  blackarch-crypto
lunar  blackarch-scanner
luyten  blackarch-decompiler
lynis  blackarch-scanner
mac-robber  blackarch-forensic
macchanger  blackarch-networking
machinae  blackarch-recon
maclookup  blackarch-networking
magescan  blackarch-webapp
magicrescue  blackarch-forensic
magictree  blackarch-misc
mail-crawl  blackarch-recon
make-pdf  blackarch-forensic
maketh  blackarch-networking
malboxes blackarch-malware
malcom  blackarch-networking
malheur  blackarch-forensic
malice  blackarch-defensive
maligno  blackarch-scanner
malmon  blackarch-defensive
malscan  blackarch-malware
maltego  blackarch-forensic
maltrail  blackarch-defensive
maltrieve  blackarch-malware
malware-check-tool  blackarch-malware
malwareanalyser  blackarch-windows
malwaredetect  blackarch-forensic
malwasm  blackarch-reversing
malybuzz  blackarch-fuzzer
mana  blackarch-wireless
mando.me  blackarch-webapp
manticore  blackarch-binary
mara-framework  blackarch-mobile
marc4dasm  blackarch-disassembler
maryam  blackarch-scanner
maskprocessor  blackarch-automation
massbleed  blackarch-recon
masscan  blackarch-scanner
masscan-automation  blackarch-automation
massdns  blackarch-networking
massexpconsole  blackarch-automation
mat  blackarch-defensive
mat2  blackarch-defensive
matahari  blackarch-tunnel
matroschka  blackarch-stego
mausezahn  blackarch-dos
mbenum  blackarch-windows
mboxgrep  blackarch-forensic
mdcrack  blackarch-cracker
mdk3  blackarch-wireless
mdk4  blackarch-wireless
mdns-recon  blackarch-recon
meanalyzer  blackarch-firmware
medusa  blackarch-cracker
melkor  blackarch-fuzzer
memdump  blackarch-forensic
memfetch  blackarch-forensic
memimager  blackarch-windows
merlin-server  blackarch-automation
metacoretex  blackarch-database
metagoofil  blackarch-recon
metame  blackarch-binary
metasploit  blackarch-exploitation
metasploit-autopwn  blackarch-automation
meterssh  blackarch-backdoor
metoscan  blackarch-webapp
mfcuk  blackarch-wireless
mfoc  blackarch-cracker
mfsniffer  blackarch-sniffer
mibble  blackarch-misc
microsploit  blackarch-backdoor
middler  blackarch-networking
mikrotik-npk  blackarch-reversing
mimikatz  blackarch-windows
mimipenguin  blackarch-forensic
mingsweeper  blackarch-windows
mingw-w64-winpthreads mingw-w64-toolchain mingw-w64
minimodem  blackarch-misc
minimysqlator  blackarch-exploitation
miranda-upnp  blackarch-exploitation
missidentify  blackarch-recon
missionplanner  blackarch-drone
mitm-relay  blackarch-proxy
mitmap  blackarch-wireless
mitmap-old  blackarch-automation
mitmer  blackarch-sniffer
mitmf  blackarch-exploitation
mitmproxy  blackarch-proxy
mkbrutus  blackarch-cracker
mobiusft  blackarch-forensic
mobsf  blackarch-mobile
modscan  blackarch-scanner
moloch  blackarch-networking
mongoaudit  blackarch-scanner
monocle  blackarch-recon
mooscan  blackarch-webapp
morpheus  blackarch-automation
morxbook  blackarch-cracker
morxbrute  blackarch-cracker
morxbtcrack  blackarch-cracker
morxcoinpwn  blackarch-cracker
morxcrack  blackarch-cracker
morxkeyfmt  blackarch-crypto
morxtraversal  blackarch-webapp
morxtunel  blackarch-tunnel
mosca  blackarch-code-audit
mosquito  blackarch-exploitation
mots  blackarch-sniffer
motsa-dns-spoofing  blackarch-spoof
mousejack  blackarch-wireless
mp3nema  blackarch-forensic
mptcp  blackarch-networking
mptcp-abuse  blackarch-networking
mrsip  blackarch-voip
mrtparse  blackarch-misc
ms-sys  blackarch-backdoor
msf-mpc  blackarch-automation
msfdb  blackarch-misc
msfenum  blackarch-automation
mssqlscan  blackarch-scanner
msvpwn  blackarch-windows
mtr  blackarch-networking
mtscan  blackarch-wireless
multiinjector  blackarch-webapp
multimac  blackarch-spoof
multimon-ng  blackarch-radio
multiscanner  blackarch-scanner
multitun  blackarch-tunnel
mutator  blackarch-automation
mwebfp  blackarch-fingerprint
mybff  blackarch-cracker
mylg  blackarch-networking
mysql2sqlite  blackarch-database
nacker  blackarch-networking
naft  blackarch-forensic
nasnum  blackarch-recon
nbname  blackarch-windows
nbnspoof  blackarch-spoof
nbtenum  blackarch-windows
nbtool  blackarch-networking
nbtscan  blackarch-scanner
ncpfs  blackarch-networking
ncrack  blackarch-cracker
necromant  blackarch-recon
needle  blackarch-mobile
neglected  blackarch-recon
neighbor-cache-fingerprinter  blackarch-fingerprint
nemesis  blackarch-networking
net-creds  blackarch-sniffer
netactview  blackarch-networking
netattack  blackarch-wireless
netbios-share-scanner  blackarch-scanner
netbus  blackarch-windows
netcommander  blackarch-spoof
netcon  blackarch-networking
netdiscover  blackarch-recon
netkit-bsd-finger  blackarch-recon
netkit-rwho  blackarch-misc
netmap  blackarch-networking
netmask  blackarch-recon
netreconn  blackarch-networking
netripper  blackarch-windows
netscan  blackarch-scanner
netscan2  blackarch-scanner
netsed  blackarch-networking
netsniff-ng  blackarch-sniffer
netstumbler  blackarch-windows
network-app-stress-tester  blackarch-dos
networkmap  blackarch-networking
networkminer  blackarch-forensic
netzob  blackarch-reversing
nextnet  blackarch-networking
nfcutils  blackarch-nfc
nfdump  blackarch-networking
nfex  blackarch-forensic
nfspy  blackarch-automation
nfsshell  blackarch-automation
ngrep  blackarch-networking
ngrok  blackarch-tunnel
nield  blackarch-networking
nikto  blackarch-scanner
nili  blackarch-scanner
nimbostratus  blackarch-fingerprint
nipe  blackarch-defensive
nipper  blackarch-networking
nirsoft  blackarch-windows
nishang  blackarch-windows
nkiller2  blackarch-dos
nmap  blackarch-scanner
nmap-parse-output  blackarch-misc
nmbscan  blackarch-scanner
nohidy  blackarch-recon
nomorexor  blackarch-crypto
noriben  blackarch-malware
nosqlattack  blackarch-automation
nosqlmap  blackarch-webapp
notspikefile  blackarch-fuzzer
novahot  blackarch-webapp
nsdtool  blackarch-networking
nsearch  blackarch-misc
nsec3map  blackarch-scanner
nsec3walker  blackarch-recon
nsia  blackarch-scanner
nsoq  blackarch-networking
ntds-decode  blackarch-windows
ntdsxtract  blackarch-forensic
ntp-fingerprint  blackarch-fingerprint
ntp-ip-enum  blackarch-recon
ntpdos  blackarch-dos
nullinux  blackarch-recon
nxcrypt  blackarch-backdoor
o-saft  blackarch-scanner
oat  blackarch-fuzzer
obevilion  cracking [zip/7z/rar].
obexstress  blackarch-bluetooth
obfs4proxy  blackarch-proxy
obfsproxy  blackarch-proxy
objdump2shellcode  blackarch-binary
oclhashcat  blackarch-cracker
ocs  blackarch-scanner
ofp-sniffer  blackarch-sniffer
ohrwurm  blackarch-fuzzer
oledump  blackarch-binary
oletools  blackarch-binary
ollydbg  blackarch-debugger
omen  blackarch-cracker
omnibus  blackarch-recon
omnihash  blackarch-crypto
onesixtyone  blackarch-cracker
onetwopunch  blackarch-scanner
onioff  blackarch-recon
onionscan  blackarch-scanner
onionshare  blackarch-misc
opendoor  blackarch-webapp
openpuff  blackarch-stego
openstego  blackarch-crypto
opensvp  blackarch-exploitation
openvas-cli  blackarch-scanner
openvas-manager  blackarch-scanner
openvas-scanner  blackarch-scanner
operative  blackarch-fingerprint
ophcrack  blackarch-cracker
orakelcrackert  blackarch-windows
origami  blackarch-malware
oscanner  blackarch-fuzzer
osint-spy  blackarch-recon
osinterator  blackarch-recon
osrframework  blackarch-recon
ostinato  blackarch-sniffer
osueta  blackarch-exploitation
otori  blackarch-exploitation
outguess  blackarch-crypto
outlook-webapp-brute  blackarch-cracker
owabf  blackarch-cracker
owasp-bywaf  blackarch-webapp
owasp-zsc  blackarch-exploitation
owtf  blackarch-webapp
p0f  blackarch-fingerprint
pack  blackarch-cracker
packer  blackarch-binary
packerid  blackarch-binary
packet-o-matic  blackarch-networking
packeth  blackarch-networking
packetq  blackarch-networking
packetsender  blackarch-networking
packit  blackarch-networking
pacumen  blackarch-crypto
padbuster  blackarch-exploitation
pafish  blackarch-windows
paketto  blackarch-scanner
panhunt  blackarch-scanner
panoptic  blackarch-automation
pappy-proxy  blackarch-webapp
parameth  blackarch-webapp
paranoic  blackarch-scanner
paros  blackarch-webapp
parse-evtx  blackarch-forensic
parsero  blackarch-recon
pasco  blackarch-forensic
passcracking  blackarch-cracker
passe-partout  blackarch-cracker
passhunt  blackarch-scanner
passivedns  blackarch-sniffer
pasv-agrsv  blackarch-automation
patator  blackarch-cracker
patchkit  blackarch-binary
pathzuzu  blackarch-exploitation
payloadmask  blackarch-webapp
pblind  blackarch-exploitation
pbscan  blackarch-scanner
pcapfex  blackarch-networking
pcapfix  blackarch-networking
pcapsipdump  blackarch-voip
pcapteller  blackarch-sniffer
pcapxray  blackarch-forensic
pcileech  blackarch-hardware
pcredz  blackarch-scanner
pdf-parser  blackarch-forensic
pdfbook-analyzer  blackarch-forensic
pdfcrack  blackarch-cracker
pdfid  blackarch-forensic
pdfresurrect  blackarch-forensic
pdgmail  blackarch-cracker
peach  blackarch-fuzzer
peach-fuzz  blackarch-fuzzer
peda  blackarch-debugger
peepdf  blackarch-forensic
peepingtom  blackarch-webapp
peframe  blackarch-malware
pemcrack  blackarch-cracker
pemcracker  blackarch-cracker
penbox  blackarch-automation
pentbox  blackarch-fuzzer
pentestly  blackarch-scanner
pentmenu  blackarch-automation
periscope  blackarch-windows
perl-image-exiftool  blackarch-forensic
petools  blackarch-windows
pev  blackarch-forensic
pextractor  blackarch-windows
pfff  blackarch-code-audit
pftriage  blackarch-malware
pgdbf  blackarch-database
phemail  blackarch-social
phishery  blackarch-backdoor
phishingkithunter  blackarch-social
phoss  blackarch-cracker
photon  blackarch-webapp
php-findsock-shell  blackarch-webapp
php-mt-seed  blackarch-cracker
php-rfi-payload-decoder  blackarch-cracker
php-vulnerability-hunter  blackarch-windows
phpsploit  blackarch-webapp
phpstress  blackarch-dos
phrasendrescher  blackarch-cracker
pidense  blackarch-wireless
pin  blackarch-automation
pingcastle  blackarch-windows
pintool  blackarch-reversing
pintool2  blackarch-reversing
pip3line  blackarch-crypto
pipal  blackarch-cracker
pipeline  blackarch-cracker
pirana  blackarch-exploitation
pixd  blackarch-binary
pixiewps  blackarch-wireless
pkcrack  blackarch-cracker
pkt2flow  blackarch-networking
plasma  blackarch-disassembler
plcscan  blackarch-scanner
plecost  blackarch-webapp
plown  blackarch-webapp
plumber  blackarch-misc
plutil  blackarch-misc
pmacct  blackarch-networking
pmap  blackarch-windows
pmapper  blackarch-recon
pmcma  blackarch-exploitation
pmdump  blackarch-windows
pngcheck  blackarch-stego
pnscan  blackarch-scanner
pocsuite  blackarch-exploitation
poison  blackarch-scanner
pompem  blackarch-exploitation
poracle  blackarch-crypto
portia  blackarch-automation
portmanteau  blackarch-fuzzer
portspoof  blackarch-defensive
posttester  blackarch-crypto
powerfuzzer  blackarch-fuzzer
powerops  blackarch-windows
powersploit  blackarch-exploitation
powerstager  blackarch-binary
ppee  blackarch-windows
ppscan  blackarch-scanner
pr0cks  blackarch-proxy
prads  blackarch-scanner
praeda  blackarch-scanner
pret  blackarch-exploitation
princeprocessor  blackarch-misc
procdump  blackarch-binary
proctal  blackarch-binary
procyon  blackarch-decompiler
profuzz  blackarch-fuzzer
prometheus-firewall  blackarch-networking
promiscdetect  blackarch-windows
propecia  blackarch-fingerprint
protos-sip  blackarch-voip
prowler  blackarch-defensive
proxenet  blackarch-webapp
proxmark  blackarch-radio
proxychains-ng  blackarch-proxy
proxycheck  blackarch-scanner
proxyp  blackarch-proxy
proxyscan  blackarch-scanner
proxytunnel  blackarch-tunnel
ps1encode  blackarch-exploitation
pscan  blackarch-code-audit
pshitt  blackarch-honeypot
pstoreview  blackarch-windows
ptf  blackarch-exploitation
pth-toolkit  blackarch-sniffer
ptunnel  blackarch-tunnel
pulledpork  blackarch-misc
pulsar  blackarch-fuzzer
punter  blackarch-recon
pupy  blackarch-automation
pwd-hash  blackarch-crypto
pwdlogy  blackarch-misc
pwdlyser  blackarch-crypto
pwdump  blackarch-windows
pwnat  blackarch-networking
pwndbg  blackarch-debugger
pwned  blackarch-recon
pwnloris  blackarch-dos
pwntools  blackarch-disassembler
pybozocrack  blackarch-cracker
pydictor  blackarch-misc
pyersinia  blackarch-networking
pyew  blackarch-malware
pyexfil  blackarch-networking
pyfiscan  blackarch-webapp
pyinstaller  blackarch-misc
pyjfuzz  blackarch-fuzzer
pykek  blackarch-exploitation
pymeta  blackarch-recon
pyminifakedns  blackarch-networking
pyrasite  blackarch-backdoor
pyrit  blackarch-cracker
pyssltest  blackarch-scanner
pytacle  blackarch-sniffer
pytbull  blackarch-scanner
pythem  blackarch-scanner
python-capstone  blackarch-reversing
python-ivre  blackarch-recon
python-jsbeautifier  blackarch-reversing
python-python-cymruwhois  blackarch-networking
python-shodan  blackarch-recon
python-uncompyle6  blackarch-decompiler
python-utidylib  blackarch-misc
python-yara-rednaga 
python2-capstone  blackarch-reversing
python2-ivre  blackarch-recon
python2-jsbeautifier  blackarch-reversing
python2-shodan  blackarch-recon
python2-yara  blackarch-malware
qark  blackarch-mobile
quickrecon  blackarch-recon
quicksand-lite  blackarch-defensive
raccoon  blackarch-recon
radamsa  blackarch-fuzzer
radare2  blackarch-reversing
radare2-cutter  blackarch-reversing
radare2-keystone  blackarch-reversing
radiography  blackarch-windows
rainbowcrack  blackarch-cracker
ranger-scanner  blackarch-scanner
rarcrack  blackarch-cracker
rasenum  blackarch-windows
ratproxy  blackarch-fuzzer
raven  blackarch-social
rawr  blackarch-scanner
rbndr  blackarch-spoof
rcracki-mt  blackarch-cracker
rdesktop-brute  blackarch-cracker
reaver  blackarch-wireless
rebind  blackarch-exploitation
recaf  blackarch-decompiler
recon-ng  blackarch-recon
reconnoitre  blackarch-recon
reconscan  blackarch-recon
recoverjpeg  blackarch-forensic
recstudio  blackarch-decompiler
recuperabit  blackarch-forensic
red-hawk  blackarch-recon
redasm  blackarch-disassembler
redfang  blackarch-bluetooth
redirectpoison  blackarch-voip
redpoint  blackarch-misc
redsocks  blackarch-proxy
reelphish  blackarch-social
regeorg  blackarch-automation
reglookup  blackarch-forensic
regreport  blackarch-windows
regview  blackarch-windows
relay-scanner  blackarch-scanner
remot3d  blackarch-webapp
replayproxy  blackarch-forensic
resourcehacker  blackarch-windows
responder  blackarch-scanner
responder-multirelay  blackarch-scanner
retdec  blackarch-decompiler
reverseip  blackarch-recon
revipd  blackarch-recon
revsh  blackarch-backdoor
rex  blackarch-exploitation
rext  blackarch-exploitation
rfcat  blackarch-exploitation
rfdump  blackarch-wireless
rfidiot  blackarch-wireless
rfidtool  blackarch-wireless
ridenum  blackarch-cracker
rifiuti2  blackarch-forensic
rinetd  blackarch-networking
ripdc  blackarch-recon
riwifshell  blackarch-webapp
rkhunter  blackarch-forensic
rlogin-scanner  blackarch-cracker
rootbrute  blackarch-cracker
ropeadope  blackarch-anti-forensic
ropeme  blackarch-exploitation
ropgadget  blackarch-exploitation
ropgadget2  blackarch-exploitation
ropper  blackarch-exploitation
roputils  blackarch-exploitation
routerhunter  blackarch-scanner
routersploit  blackarch-exploitation
rp  blackarch-exploitation
rpak  blackarch-windows
rpcsniffer  blackarch-windows
rpctools  blackarch-windows
rpdscan  blackarch-cracker
rpivot  blackarch-proxy
rr  blackarch-debugger
rrs  blackarch-backdoor
rsactftool  blackarch-crypto
rsakeyfind  blackarch-cracker
rsatool  blackarch-crypto
rsmangler  blackarch-automation
rspet  blackarch-exploitation
rtfm  blackarch-misc
rtlamr  blackarch-radio
rtlizer  blackarch-scanner
rtlsdr-scanner  blackarch-scanner
rtp-flood  blackarch-voip
rtpbreak  blackarch-networking
rubilyn  blackarch-backdoor
ruler  blackarch-webapp
rww-attack  blackarch-webapp
s3-fuzzer  blackarch-fuzzer
s3scanner  blackarch-scanner
safecopy  blackarch-forensic
sagan  blackarch-ids
sakis3g  blackarch-automation
sambascan  blackarch-scanner
samdump2  blackarch-cracker
samplicator  blackarch-networking
samydeluxe  blackarch-cracker
sandsifter  blackarch-fuzzer
sandy  blackarch-scanner
saruman  blackarch-binary
sasm  blackarch-misc
sawef  blackarch-webapp
sb0x  blackarch-scanner
sbd  blackarch-crypto
sc-make  blackarch-exploitation
scalpel  blackarch-forensic
scamper  blackarch-scanner
scanless  blackarch-scanner
scanmem  blackarch-reversing
scannerl  blackarch-fingerprint
scansploit  blackarch-exploitation
scanssh  blackarch-scanner
scapy  blackarch-networking
schnappi-dhcp  blackarch-misc
scout2  blackarch-scanner
scoutsuite  blackarch-scanner
scrape-dns  blackarch-scanner
scrapy  blackarch-webapp
scratchabit  blackarch-disassembler
scrounge-ntfs  blackarch-forensic
sctpscan  blackarch-recon
sdn-toolkit  blackarch-networking
sdnpwn  blackarch-scanner
sea  blackarch-malware
search1337  blackarch-automation
searchsploit  blackarch-exploitation
seat  blackarch-scanner
secscan  blackarch-webapp
secure-delete  blackarch-anti-forensic
sees  blackarch-social
sensepost-xrdp  blackarch-exploitation
sergio-proxy  blackarch-proxy
serialbrute  blackarch-exploitation
server-status-pwn  blackarch-recon
sessionlist  blackarch-networking
set  blackarch-social
setowner  blackarch-windows
sfuzz  blackarch-fuzzer
sh00t  blackarch-misc
sha1collisiondetection  blackarch-crypto
shard  blackarch-recon
shareenum  blackarch-scanner
sharesniffer  blackarch-scanner
shed  blackarch-windows
shellcheck  blackarch-code-audit
shellcode-factory  blackarch-exploitation
shellcodecs  blackarch-exploitation
shellen  blackarch-exploitation
shellinabox  blackarch-backdoor
shelling  blackarch-misc
shellme  blackarch-exploitation
shellnoob  blackarch-debugger
shellsploit-framework  blackarch-exploitation
shellter  blackarch-exploitation
sherlocked  blackarch-packer
shitflood  blackarch-dos
shocker  blackarch-exploitation
shodan  blackarch-recon
shodanhat  blackarch-recon
shootback  blackarch-backdoor
shortfuzzy  blackarch-webapp
sickle  blackarch-exploitation
sidguesser  blackarch-cracker
siege  blackarch-dos
sign  blackarch-mobile
sigploit  blackarch-exploitation
sigspotter  blackarch-windows
sigthief  blackarch-exploitation
silenteye  blackarch-stego
silk  blackarch-networking
simple-ducky  blackarch-automation
simple-lan-scan  blackarch-scanner
simpleemailspoofer  blackarch-social
simplify  blackarch-mobile
simplyemail  blackarch-recon
simtrace2  blackarch-radio
sinfp  blackarch-fingerprint
siparmyknife  blackarch-voip
sipbrute  blackarch-voip
sipcrack  blackarch-cracker
sipffer  blackarch-sniffer
sipi  blackarch-recon
sipp  blackarch-voip
sippts  blackarch-voip
sipsak  blackarch-voip
sipscan  blackarch-windows
sipshock  blackarch-scanner
sipvicious  blackarch-automation
sitadel  blackarch-webapp
sitediff  blackarch-webapp
sjet  blackarch-exploitation
skipfish  blackarch-fuzzer
skul  blackarch-cracker
skyjack  blackarch-drone
skype-dump  blackarch-windows
skypefreak  blackarch-forensic
slackpirate  blackarch-social
sleuthkit  blackarch-forensic
sleuthql  blackarch-misc
sloth-fuzzer  blackarch-fuzzer
slowhttptest  blackarch-dos
slowloris  blackarch-dos
slowloris-py  blackarch-dos
smali  blackarch-disassembler
smali-cfgs  blackarch-mobile
smalisca  blackarch-mobile
smap  blackarch-exploitation
smartphone-pentest-framework  blackarch-mobile
smbbf  blackarch-cracker
smbcrunch  blackarch-recon
smbexec  blackarch-scanner
smbmap  blackarch-scanner
smbrelay  blackarch-windows
smbspider  blackarch-scanner
smikims-arpspoof  blackarch-spoof
smod  blackarch-scanner
smplshllctrlr  blackarch-webapp
smtp-fuzz  blackarch-fuzzer
smtp-test  blackarch-scanner
smtp-user-enum  blackarch-recon
smtp-vrfy  blackarch-scanner
smtpmap  blackarch-fingerprint
smtpscan  blackarch-fingerprint
smtptx  blackarch-scanner
sn00p  blackarch-automation
sn1per  blackarch-automation
snallygaster  blackarch-webapp
snapception  blackarch-sniffer
snarf-mitm  blackarch-exploitation
sniff-probe-req  blackarch-wireless
sniffer  blackarch-networking
sniffjoke  blackarch-defensive
sniffles  blackarch-networking
snitch  blackarch-windows
snmp-brute  blackarch-cracker
snmp-fuzzer  blackarch-fuzzer
snmpattack  blackarch-networking
snmpcheck  blackarch-networking
snmpenum  blackarch-scanner
snmpscan  blackarch-scanner
snoopbrute  blackarch-scanner
snoopy-ng  blackarch-drone
snort  blackarch-defensive
snow  blackarch-crypto
snowman  blackarch-windows
snscan  blackarch-windows
snuck  blackarch-webapp
snyk  blackarch-code-audit
soapui  blackarch-proxy
socat  blackarch-networking
social-mapper  blackarch-social
social-vuln-scanner  blackarch-social
socialfish  blackarch-social
socketfuzz  blackarch-fuzzer
sockstat  blackarch-networking
soot  blackarch-binary
spade  blackarch-windows
spaf  blackarch-webapp
sparta  blackarch-scanner
spartan  blackarch-fingerprint
sparty  blackarch-webapp
spectools  blackarch-wireless
speedpwn  blackarch-cracker
spf  blackarch-social
spfmap  blackarch-recon
spiderfoot  blackarch-recon
spiderpig-pdffuzzer  blackarch-fuzzer
spiga  blackarch-webapp
spike  blackarch-fuzzer
spike-proxy  blackarch-webapp
spiped  blackarch-networking
spipscan  blackarch-webapp
splint  blackarch-code-audit
sploitctl  blackarch-automation
sploitego  blackarch-fuzzer
spoofcheck  blackarch-recon
spooftooph  blackarch-bluetooth
spookflare  blackarch-automation
sps  blackarch-networking
sqid  blackarch-webapp
sqlbrute  blackarch-fuzzer
sqldict  blackarch-windows
sqlivulscan  blackarch-scanner
sqlmap  blackarch-webapp
sqlninja  blackarch-exploitation
sqlpat  blackarch-cracker
sqlping  blackarch-windows
sqlpowerinjector  blackarch-windows
sqlsus  blackarch-exploitation
ssdeep  blackarch-crypto
ssdp-scanner  blackarch-scanner
ssh-audit  blackarch-scanner
ssh-honeypot  blackarch-honeypot
ssh-mitm  blackarch-exploitation
ssh-privkey-crack  blackarch-cracker
ssh-user-enum  blackarch-scanner
sshatter  blackarch-cracker
sshscan  blackarch-cracker
sshtrix  blackarch-cracker
sshtunnel  blackarch-tunnel
sshuttle  blackarch-proxy
ssl-hostname-resolver  blackarch-recon
ssl-phuck3r  blackarch-sniffer
sslcat  blackarch-misc
sslcaudit  blackarch-scanner
ssldump  blackarch-sniffer
sslh  blackarch-networking
ssllabs-scan  blackarch-scanner
sslmap  blackarch-scanner
sslnuke  blackarch-cracker
sslscan  blackarch-scanner
sslsniff  blackarch-sniffer
sslyze  blackarch-crypto
ssma  blackarch-malware
ssrf-proxy  blackarch-proxy
stackflow  blackarch-exploitation
stacoan  blackarch-mobile
staekka  blackarch-exploitation
stardox  blackarch-recon
starttls-mitm  blackarch-proxy
statsprocessor  blackarch-automation
stegdetect  blackarch-stego
steghide  blackarch-anti-forensic
stegolego  blackarch-stego
stegosip  blackarch-tunnel
stegsolve  blackarch-stego
stenographer  blackarch-sniffer
stepic  blackarch-stego
sticky-keys-hunter  blackarch-scanner
stig-viewer  blackarch-scanner
stompy  blackarch-misc
storm-ring  blackarch-voip
strace  blackarch-binary
streamfinder  blackarch-windows
striker  blackarch-scanner
striptls  blackarch-proxy
strutscan  blackarch-scanner
stunnel  blackarch-networking
sub7  blackarch-windows
subbrute  blackarch-scanner
subdomainer  blackarch-recon
subfinder  blackarch-recon
sublist3r  blackarch-recon
subover  blackarch-scanner
subscraper  blackarch-recon
subterfuge  blackarch-exploitation
sucrack  blackarch-cracker
sulley  blackarch-fuzzer
superscan  blackarch-windows
suricata  blackarch-defensive
suricata-verify  blackarch-misc
svn-extractor  blackarch-scanner
swaks  blackarch-networking
swap-digger  blackarch-forensic
swarm  blackarch-scanner
swfintruder  blackarch-reversing
swftools  blackarch-binary
sylkie  blackarch-spoof
syms2elf  blackarch-reversing
synflood  blackarch-dos
synner  blackarch-spoof
synscan  blackarch-scanner
syringe  blackarch-backdoor
sysdig  blackarch-recon
sysinternals-suite  blackarch-windows
t50  blackarch-dos
tabi  blackarch-defensive
tachyon-scanner  blackarch-scanner
tactical-exploitation  blackarch-scanner
taipan  blackarch-scanner
taof  blackarch-fuzzer
tbear  blackarch-bluetooth
tcgetkey  blackarch-dos
tchunt-ng  blackarch-forensic
tckfc  blackarch-cracker
tcpcontrol-fuzzer  blackarch-fuzzer
tcpcopy  blackarch-networking
tcpdstat  blackarch-networking
tcpdump  blackarch-networking
tcpextract  blackarch-networking
tcpflow  blackarch-networking
tcpick  blackarch-sniffer
tcpjunk  blackarch-exploitation
tcpreplay  blackarch-networking
tcptrace  blackarch-networking
tcptraceroute  blackarch-networking
tcpwatch  blackarch-networking
tcpxtract  blackarch-misc
teardown  blackarch-voip
tekdefense-automater  blackarch-forensic
termineter  blackarch-fuzzer
testdisk  blackarch-forensic
testssl.sh  blackarch-crypto
tftp-bruteforce  blackarch-cracker
tftp-fuzz  blackarch-fuzzer
tftp-proxy  blackarch-proxy
tgcd  blackarch-networking
thc-ipv6  blackarch-networking
thc-keyfinder  blackarch-cracker
thc-pptp-bruter  blackarch-cracker
thc-smartbrute  blackarch-cracker
thc-ssl-dos  blackarch-dos
thefatrat  blackarch-automation
thefuzz  blackarch-fuzzer
theharvester  blackarch-recon
themole  blackarch-webapp
thezoo blackarch-malware
tiger  blackarch-automation
tilt  blackarch-recon
timegen  blackarch-wireless
tinc  blackarch-networking
tinfoleak  blackarch-recon
tinfoleak2  blackarch-recon
tinyproxy  blackarch-proxy
tls-attacker  blackarch-crypto
tls-fingerprinting  blackarch-fingerprint
tls-prober  blackarch-fingerprint
tlsenum  blackarch-crypto
tlsfuzzer  blackarch-crypto
tlspretense  blackarch-crypto
tlssled  blackarch-automation
tnscmd  blackarch-misc
tomcatwardeployer  blackarch-exploitation
topera  blackarch-scanner
tor  blackarch-proxy
tor-autocircuit  blackarch-defensive
tor-browser-en  blackarch-defensive
tor-router  blackarch-defensive
torctl  blackarch-automation
torshammer  blackarch-dos
torsocks  blackarch-proxy
tpcat  blackarch-misc
tplmap  blackarch-webapp
traceroute  blackarch-recon
trape  blackarch-social
treasure  blackarch-recon
trid  blackarch-forensic
trinity  blackarch-fuzzer
triton  blackarch-binary
trixd00r  blackarch-backdoor
truecrack blackarch-cracker
truecrypt  blackarch-defensive
truehunter  blackarch-forensic
trufflehog  blackarch-recon
trusttrees  blackarch-recon
tsh  blackarch-backdoor
tsh-sctp  blackarch-backdoor
tunna  blackarch-networking
tweets-analyzer  blackarch-social
twofi  blackarch-recon
typo-enumerator  blackarch-webapp
tyton  blackarch-defensive
u3-pwn  blackarch-backdoor
uacme  blackarch-windows
uatester  blackarch-misc
ubertooth  blackarch-bluetooth
ubiquiti-probing  blackarch-recon
ubitack  blackarch-wireless
udis86  blackarch-reversing
udp2raw-tunnel  blackarch-tunnel
udpastcp  blackarch-networking
udptunnel  blackarch-networking
udsim  blackarch-scanner
uefi-firmware-parser  blackarch-firmware
ufo-wardriving  blackarch-cracker
ufonet  blackarch-dos
umap  blackarch-scanner
umit  blackarch-networking
uncaptcha2  blackarch-webapp
unhide  blackarch-forensic
unibrute  blackarch-exploitation
unicorn-powershell  blackarch-backdoor
unicornscan  blackarch-scanner
uniofuzz  blackarch-fuzzer
uniscan  blackarch-fuzzer
unix-privesc-check  blackarch-automation
unsecure  blackarch-windows
unstrip  blackarch-disassembler
untwister  blackarch-crypto
upnp-pentest-toolkit  blackarch-windows
upnpscan  blackarch-scanner
uppwn  blackarch-webapp
upx  blackarch-binary
urh  blackarch-radio
urlcrazy  blackarch-webapp
urldigger  blackarch-webapp
urlview  blackarch-misc
username-anarchy  blackarch-automation
usernamer  blackarch-misc
userrecon  blackarch-recon
uw-loveimap  blackarch-scanner
uw-offish  blackarch-networking
uw-udpscan  blackarch-scanner
uw-zone  blackarch-scanner
v3n0m  blackarch-scanner
vais  blackarch-scanner
valabind  blackarch-misc
valgrind  blackarch-binary
vane  blackarch-scanner
vanguard  blackarch-webapp
vbrute  blackarch-recon
vbscan  blackarch-webapp
vcsmap  blackarch-scanner
vega  blackarch-webapp
veil  blackarch-automation
veles  blackarch-binary
veracrypt  blackarch-crypto
verinice  blackarch-misc
vfeed  blackarch-misc
vhostscan  blackarch-scanner
videosnarf  blackarch-scanner
vinetto  blackarch-forensic
viper  blackarch-disassembler
viproy-voipkit  blackarch-exploitation
virustotal  blackarch-malware
visql  blackarch-scanner
visualize-logs  blackarch-misc
vivisect  blackarch-debugger
vlan-hopping  blackarch-automation
vlany  blackarch-backdoor
vmap  blackarch-exploitation
vmcloak blackarch-malware
vnak  blackarch-voip
vnc-bypauth  blackarch-cracker
vncrack  blackarch-cracker
voiper  blackarch-voip
voiphopper  blackarch-automation
voipong  blackarch-voip
volafox  blackarch-forensic
volatility  blackarch-forensic
voltron  blackarch-debugger
vpnpivot  blackarch-recon
vsaudit  blackarch-voip
vscan  blackarch-scanner
vstt  blackarch-tunnel
vsvbp  blackarch-webapp
vulnerabilities-spider  blackarch-webapp
vuls  blackarch-scanner
vulscan  blackarch-scanner
w3af  blackarch-fuzzer
wafninja  blackarch-webapp
wafp  blackarch-webapp
wafpass  blackarch-webapp
wafw00f  blackarch-scanner
waidps  blackarch-wireless
waldo  blackarch-recon
wapiti  blackarch-fuzzer
wascan  blackarch-webapp
wavemon  blackarch-wireless
waybackpack  blackarch-webapp
wcc  blackarch-binary
wce  blackarch-windows
web-soul  blackarch-webapp
webacoo  blackarch-backdoor
webborer  blackarch-webapp
webenum  blackarch-scanner
webexploitationtool  blackarch-exploitation
webfixy  blackarch-proxy
webhandler  blackarch-webapp
webhunter  blackarch-scanner
webpwn3r  blackarch-scanner
webrute  blackarch-scanner
webscarab  blackarch-fuzzer
websearch  blackarch-recon
webshag  blackarch-fuzzer
webshells  blackarch-backdoor
webslayer  blackarch-webapp
websockify  blackarch-networking
webspa  blackarch-backdoor
websploit  blackarch-exploitation
webxploiter  blackarch-webapp
weeman  blackarch-social
weevely  blackarch-webapp
wepbuster  blackarch-wireless
wfuzz  blackarch-fuzzer
whapa  blackarch-misc
whatportis  blackarch-misc
whatsmyname  blackarch-webapp
whatweb  blackarch-recon
whichcdn  blackarch-webapp
whitewidow  blackarch-scanner
wi-feye  blackarch-wireless
wifi-honey  blackarch-honeypot
wifi-monitor  blackarch-sniffer
wifi-pumpkin  blackarch-wireless
wifichannelmonitor  blackarch-windows
wificurse  blackarch-wireless
wifijammer  blackarch-wireless
wifiphisher  blackarch-wireless
wifiscanmap  blackarch-wireless
wifitap  blackarch-wireless
wifite  blackarch-wireless
wig  blackarch-webapp
wikigen  blackarch-automation
wildpwn  blackarch-exploitation
windivert  blackarch-windows
windows-exploit-suggester  blackarch-recon
windows-privesc-check  blackarch-windows
windowsspyblocker  blackarch-windows
winexe  blackarch-misc
winfo  blackarch-windows
winhex  blackarch-windows
winregfs  blackarch-misc
winrelay  blackarch-windows
wireless-ids  blackarch-wireless
wireshark-cli  blackarch-sniffer
wireshark-gtk  blackarch-sniffer
wirouter-keyrec  blackarch-wireless
witchxtool  blackarch-webapp
wlan2eth  blackarch-wireless
wmat  blackarch-cracker
wnmap  blackarch-automation
wol-e  blackarch-misc
wolpertinger  blackarch-scanner
wordbrutepress  blackarch-cracker
wordlistctl  blackarch-misc
wordpot  blackarch-honeypot
wordpress-exploit-framework  blackarch-webapp
wordpresscan  blackarch-scanner
wpa-bruteforcer  blackarch-wireless
wpa2-halfhandshake-crack  blackarch-wireless
wpbf  blackarch-cracker
wpbrute-rpc  blackarch-cracker
wpforce  blackarch-webapp
wpintel  blackarch-webapp
wpscan  blackarch-webapp
wpseku  blackarch-webapp
wpsik  blackarch-wireless
wpsweep  blackarch-windows
wreckuests  blackarch-dos
ws-attacker  blackarch-webapp
wscript  blackarch-code-audit
wsfuzzer  blackarch-fuzzer
wssip  blackarch-webapp
wsuspect-proxy  blackarch-exploitation
wups  blackarch-windows
wuzz  blackarch-webapp
wxhexeditor  blackarch-binary
wyd  blackarch-cracker
x-scan  blackarch-windows
x64dbg  blackarch-windows
xattacker  blackarch-webapp
xcat  blackarch-exploitation
xcavator  blackarch-sniffer
xcname  blackarch-scanner
xerosploit  blackarch-networking
xfltreat  blackarch-tunnel
xorbruteforcer  blackarch-crypto
xorsearch  blackarch-crypto
xortool  blackarch-crypto
xpire-crossdomain-scanner  blackarch-scanner
xpl-search  blackarch-exploitation
xplico  blackarch-forensic
xprobe2  blackarch-fingerprint
xray  blackarch-recon
xrop  blackarch-exploitation
xspy  blackarch-keylogger
xsrfprobe  blackarch-webapp
xsscrapy  blackarch-webapp
xsser  blackarch-webapp
xssless  blackarch-webapp
xsspy  blackarch-webapp
xsss  blackarch-webapp
xssscan  blackarch-webapp
xsssniper  blackarch-webapp
xsstracer  blackarch-scanner
xsstrike  blackarch-webapp
xssya  blackarch-webapp
xwaf  blackarch-webapp
xxeinjector  blackarch-exploitation
yaaf  blackarch-webapp
yaf  blackarch-networking
yara  blackarch-malware
yasat  blackarch-scanner
yasca  blackarch-code-audit
yasuo  blackarch-webapp
yate-bts  blackarch-radio
yawast  blackarch-webapp
yay  blackarch-misc
ycrawler  blackarch-webapp
yersinia  blackarch-networking
yinjector  blackarch-exploitation
ysoserial  blackarch-webapp
zackattack  blackarch-networking
zaproxy  blackarch-webapp
zarp  blackarch-exploitation
zeratool  blackarch-exploitation
zerowine  blackarch-malware
zeus  blackarch-defensive
zeus-scanner  blackarch-recon
zgrab  blackarch-recon
zipdump  blackarch-forensic
zirikatu  blackarch-exploitation
zizzania  blackarch-wireless
zmap  blackarch-scanner
zssh  blackarch-networking
zulu  blackarch-cracker
zulucrypt  blackarch-crypto
zykeys  blackarch-wireless
zzuf  blackarch-fuzzer
